BadSwitchExpressionLambda.java:19:26: compiler.err.prob.found.req: (compiler.misc.incompatible.ret.type.in.lambda: (compiler.misc.switch.expression.target.cant.be.void))
BadSwitchExpressionLambda.java:21:9: compiler.err.cant.apply.symbol: kindname.method, r, BadSwitchExpressionLambda.SAM, @11, kindname.class, BadSwitchExpressionLambda, (compiler.misc.no.conforming.assignment.exists: (compiler.misc.incompatible.ret.type.in.lambda: (compiler.misc.switch.expression.target.cant.be.void)))
BadSwitchExpressionLambda.java:22:16: compiler.err.prob.found.req: (compiler.misc.unexpected.ret.val)
- compiler.note.preview.filename: BadSwitchExpressionLambda.java
- compiler.note.preview.recompile
3 errors
