EnsureTypesOrderTest.java:9:13: compiler.err.prob.found.req: (compiler.misc.inconvertible.types: java.lang.String[], java.lang.String)
- compiler.note.preview.filename: EnsureTypesOrderTest.java
- compiler.note.preview.recompile
1 error