ReifiableOld.java:12:16: compiler.err.instanceof.reifiable.not.safe: java.lang.Object, ReifiableOld.ListImpl<ReifiableOld>
ReifiableOld.java:14:16: compiler.err.prob.found.req: (compiler.misc.inconvertible.types: ReifiableOld.List<java.lang.String>, ReifiableOld.ListImpl<ReifiableOld>)
ReifiableOld.java:15:39: compiler.err.not.within.bounds: java.lang.String, T
ReifiableOld.java:16:16: compiler.err.prob.found.req: (compiler.misc.inconvertible.types: ReifiableOld.List<ReifiableOld>, ReifiableOld.Unrelated<ReifiableOld>)
- compiler.note.preview.filename: ReifiableOld.java
- compiler.note.preview.recompile
4 errors
