- compiler.err.preview.feature.disabled.classfile: Bar.class, 15
1 error
