ExpressionSwitch.java:40:16: compiler.err.preview.feature.disabled.plural: (compiler.misc.feature.switch.expressions)
ExpressionSwitch.java:41:20: compiler.err.preview.feature.disabled.plural: (compiler.misc.feature.switch.rules)
ExpressionSwitch.java:93:31: compiler.err.preview.feature.disabled.plural: (compiler.misc.feature.multiple.case.labels)
3 errors
