ExpressionSwitchFlow.java:11:24: compiler.err.rule.completes.normally
ExpressionSwitchFlow.java:18:13: compiler.err.rule.completes.normally
ExpressionSwitchFlow.java:24:24: compiler.err.rule.completes.normally
ExpressionSwitchFlow.java:31:25: compiler.err.rule.completes.normally
ExpressionSwitchFlow.java:37:25: compiler.err.rule.completes.normally
ExpressionSwitchFlow.java:43:25: compiler.err.rule.completes.normally
ExpressionSwitchFlow.java:50:9: compiler.err.switch.expression.completes.normally
ExpressionSwitchFlow.java:57:9: compiler.err.switch.expression.completes.normally
ExpressionSwitchFlow.java:64:9: compiler.err.switch.expression.completes.normally
- compiler.note.preview.filename: ExpressionSwitchFlow.java
- compiler.note.preview.recompile
9 errors
