LocalVarHiding.java:35:21: compiler.err.already.defined: kindname.variable, l1, kindname.method, test(LocalVarHiding.Decl)
LocalVarHiding.java:43:21: compiler.err.already.defined: kindname.variable, l2, kindname.method, test(LocalVarHiding.Decl)
LocalVarHiding.java:52:25: compiler.err.already.defined: kindname.variable, l3, kindname.method, test(LocalVarHiding.Decl)
LocalVarHiding.java:63:30: compiler.err.already.defined: kindname.variable, l4, kindname.method, test(LocalVarHiding.Decl)
LocalVarHiding.java:71:26: compiler.err.already.defined: kindname.variable, l5, kindname.method, test(LocalVarHiding.Decl)
LocalVarHiding.java:79:16: compiler.err.already.defined: kindname.variable, l6, kindname.method, test(LocalVarHiding.Decl)
LocalVarHiding.java:82:29: compiler.err.already.defined: kindname.variable, l6, kindname.method, test(LocalVarHiding.Decl)
7 errors
