MaxDiagsRecompile.java:32:3: compiler.err.cant.resolve.location: kindname.class, NoSuchSymbol1, , , (compiler.misc.location: kindname.class, MaxDiagsRecompile, null)
MaxDiagsRecompile.java:33:3: compiler.err.cant.resolve.location: kindname.class, NoSuchSymbol2, , , (compiler.misc.location: kindname.class, MaxDiagsRecompile, null)
MaxDiagsRecompile.java:34:3: compiler.err.cant.resolve.location: kindname.class, NoSuchSymbol3, , , (compiler.misc.location: kindname.class, MaxDiagsRecompile, null)
MaxDiagsRecompile.java:35:3: compiler.err.cant.resolve.location: kindname.class, NoSuchSymbol4, , , (compiler.misc.location: kindname.class, MaxDiagsRecompile, null)
4 errors