true
true
java.net.MalformedURLException: no protocol: invalid_url
true
java.lang.IllegalMonitorStateException: current thread is not owner
true
java.io.IOException: I/O failed
