MultipleLabelsStatement.java:35:21: compiler.err.preview.feature.disabled.plural: (compiler.misc.feature.multiple.case.labels)
1 error
