SwitchNoExtraTypes.java:11:16: compiler.err.prob.found.req: (compiler.misc.inconvertible.types: boolean, int)
SwitchNoExtraTypes.java:17:16: compiler.err.prob.found.req: (compiler.misc.possible.loss.of.precision: long, int)
SwitchNoExtraTypes.java:23:16: compiler.err.prob.found.req: (compiler.misc.possible.loss.of.precision: float, int)
SwitchNoExtraTypes.java:29:16: compiler.err.prob.found.req: (compiler.misc.possible.loss.of.precision: double, int)
4 errors
